Merging plugins...
Copying object to master: NPC_ AB_MannequinHeadF
Copying object to master: NPC_ AB_MannequinHeadlessF
Copying object to master: BODY AB_b_Mann2_an
Copying object to master: RACE AB_Mannequin
Copying object to master: BODY AB_b_Mann_gr
Copying object to master: BODY AB_b_Mann_hn
Copying object to master: BODY AB_b_Mann_ua
Copying object to master: CONT AB_o_MannStockProxy
Copying object to master: BODY AB_b_Mann_an
Copying object to master: NPC_ AB_MannequinHeadM
Copying object to master: BODY AB_b_Mann2_wr
Copying object to master: BODY AB_b_Mann_hd01_m
Copying object to master: BOOK AB_Info_MannStockProxy
Copying object to master: MISC AB_Furn_MannequinHeadF
Copying object to master: MISC AB_Furn_MannequinHeadlessF
Copying object to master: BODY AB_b_Mann2_hrEmpty
Copying object to master: BODY AB_b_Mann_ch
Copying object to master: MISC AB_Furn_Mannequin2M
Copying object to master: BODY AB_b_Mann2_hn
Copying object to master: CLAS AB_MannequinClassFull
Copying object to master: SCPT AB_MannStockProxy_s
Copying object to master: BODY AB_b_Mann_fa
Copying object to master: MISC AB_Furn_MannequinHeadM
Copying object to master: BODY AB_b_Mann_ft
Copying object to master: BODY AB_b_Mann2_fa
Copying object to master: BODY AB_b_Mann2_hd01_f
Copying object to master: BODY AB_b_Mann_hd02_f
Copying object to master: BODY AB_b_Mann_hrEmpty
Copying object to master: BODY AB_b_Mann_kn
Copying object to master: BODY AB_b_Mann_wr
Copying object to master: NPC_ AB_Mannequin2F
Copying object to master: BODY AB_b_Mann2_hrEmpty_f
Copying object to master: BODY AB_b_Mann2_hd02_f
Copying object to master: BODY AB_b_Mann2_hd02_m
Copying object to master: BODY AB_b_Mann2_kn
Copying object to master: BODY AB_b_Mann2_ft
Copying object to master: BODY AB_b_Mann_ul
Copying object to master: NPC_ AB_MannequinHeadlessM
Copying object to master: BODY AB_b_Mann_hd02_m
Copying object to master: MISC AB_Furn_Mannequin2F
Copying object to master: NPC_ AB_Mannequin2M
Copying object to master: BODY AB_b_Mann_hrEmpty_f
Copying object to master: BODY AB_b_Mann2_ul
Copying object to master: BODY AB_b_Mann2_ch
Copying object to master: BODY AB_b_Mann2_ua
Copying object to master: BODY AB_b_Mann2_hd01_m
Copying object to master: MISC AB_Furn_MannequinHeadlessM
Copying object to master: CLAS AB_MannequinClassStand
Copying object to master: RACE AB_MannequinStand
Copying object to master: BODY AB_b_Mann_hd01_f
Copying object to master: BODY AB_b_Mann2_gr
Saving results...
Finished!
